// Jest Snapshot v1, https://goo.gl/fbAQLP

exports[`database implementation Invalid db type should throw error 1`] = `undefined`;
